17/Oct/2025:06:36:51 -0800: Starting PostgREST 12.2.9...
17/Oct/2025:06:36:51 -0800: Listening on port 31546
17/Oct/2025:06:36:51 -0800: Listening for notifications on the "pgrst" channel
17/Oct/2025:06:36:51 -0800: Successfully connected to PostgreSQL 17.6
17/Oct/2025:06:36:51 -0800: Config reloaded
17/Oct/2025:06:36:51 -0800: Schema cache queried in 4.8 milliseconds
17/Oct/2025:06:36:51 -0800: Schema cache loaded 18 Relations, 0 Relationships, 2 Functions, 0 Domain Representations, 4 Media Type Handlers, 1189 Timezones
17/Oct/2025:06:36:51 -0800: Schema cache loaded in 1.0 milliseconds
17/Oct/2025:06:44:14 -0800: Starting PostgREST 12.2.9...
17/Oct/2025:06:44:14 -0800: Listening on port 31546
17/Oct/2025:06:44:14 -0800: Listening for notifications on the "pgrst" channel
17/Oct/2025:06:44:14 -0800: Successfully connected to PostgreSQL 17.6
17/Oct/2025:06:44:14 -0800: Config reloaded
17/Oct/2025:06:44:14 -0800: Schema cache queried in 4.8 milliseconds
17/Oct/2025:06:44:14 -0800: Schema cache loaded 18 Relations, 0 Relationships, 2 Functions, 0 Domain Representations, 4 Media Type Handlers, 1189 Timezones
17/Oct/2025:06:44:14 -0800: Schema cache loaded in 1.0 milliseconds
17/Oct/2025:06:58:08 -0800: Starting PostgREST 12.2.9...
17/Oct/2025:06:58:08 -0800: Listening on port 31546
17/Oct/2025:06:58:08 -0800: Listening for notifications on the "pgrst" channel
17/Oct/2025:06:58:08 -0800: Successfully connected to PostgreSQL 17.6
17/Oct/2025:06:58:08 -0800: Config reloaded
17/Oct/2025:06:58:08 -0800: Schema cache queried in 4.1 milliseconds
17/Oct/2025:06:58:08 -0800: Schema cache loaded 18 Relations, 0 Relationships, 2 Functions, 0 Domain Representations, 4 Media Type Handlers, 1189 Timezones
17/Oct/2025:06:58:08 -0800: Schema cache loaded in 1.0 milliseconds
17/Oct/2025:07:12:03 -0800: Starting PostgREST 12.2.9...
17/Oct/2025:07:12:03 -0800: Listening on port 31546
17/Oct/2025:07:12:03 -0800: Listening for notifications on the "pgrst" channel
17/Oct/2025:07:12:03 -0800: Successfully connected to PostgreSQL 17.6
17/Oct/2025:07:12:03 -0800: Config reloaded
17/Oct/2025:07:12:03 -0800: Schema cache queried in 4.9 milliseconds
17/Oct/2025:07:12:03 -0800: Schema cache loaded 18 Relations, 0 Relationships, 2 Functions, 0 Domain Representations, 4 Media Type Handlers, 1189 Timezones
17/Oct/2025:07:12:03 -0800: Schema cache loaded in 1.2 milliseconds
17/Oct/2025:07:19:10 -0800: Starting PostgREST 12.2.9...
17/Oct/2025:07:19:10 -0800: Listening on port 31546
17/Oct/2025:07:19:10 -0800: Listening for notifications on the "pgrst" channel
17/Oct/2025:07:19:10 -0800: Successfully connected to PostgreSQL 17.6
17/Oct/2025:07:19:10 -0800: Config reloaded
17/Oct/2025:07:19:10 -0800: Schema cache queried in 4.8 milliseconds
17/Oct/2025:07:19:10 -0800: Schema cache loaded 18 Relations, 0 Relationships, 2 Functions, 0 Domain Representations, 4 Media Type Handlers, 1189 Timezones
17/Oct/2025:07:19:10 -0800: Schema cache loaded in 1.2 milliseconds
17/Oct/2025:07:53:55 -0800: Starting PostgREST 12.2.9...
17/Oct/2025:07:53:55 -0800: Listening on port 31546
17/Oct/2025:07:53:55 -0800: Listening for notifications on the "pgrst" channel
17/Oct/2025:07:53:55 -0800: Successfully connected to PostgreSQL 17.6
17/Oct/2025:07:53:55 -0800: Config reloaded
17/Oct/2025:07:53:55 -0800: Schema cache queried in 4.8 milliseconds
17/Oct/2025:07:53:55 -0800: Schema cache loaded 18 Relations, 0 Relationships, 2 Functions, 0 Domain Representations, 4 Media Type Handlers, 1189 Timezones
17/Oct/2025:07:53:55 -0800: Schema cache loaded in 1.2 milliseconds
